WARN Fixing invalid version specifier by removing stray quotes (before: `>= '2.7'`; after: `>= 2.7`)
WARN Fixing invalid version specifier by removing stray quotes (before: `>= '2.7'`; after: `>= 2.7`)
Resolved 74 packages in 476ms
Downloading sympy (6.0MiB)
Downloading pyarrow (32.7MiB)
Downloading fonttools (2.7MiB)
Downloading matplotlib (7.8MiB)
Downloading pillow (4.4MiB)
Downloading torch (71.0MiB)
Downloading networkx (1.6MiB)
Downloading pandas (10.3MiB)
Downloading numpy (5.1MiB)
 Downloaded fonttools
 Downloaded networkx
 Downloaded pillow
 Downloaded numpy
 Downloaded matplotlib
 Downloaded pandas
 Downloaded sympy
 Downloaded pyarrow
 Downloaded torch
Prepared 32 packages in 2.53s
Installed 32 packages in 231ms
 + certifi==2026.2.25
 + charset-normalizer==3.4.4
 + contourpy==1.3.2
 + cycler==0.12.1
 + filelock==3.24.3
 + fonttools==4.61.1
 + fsspec==2026.2.0
 + idna==3.11
 + jinja2==3.1.6
 + kiwisolver==1.4.9
 + markupsafe==3.0.3
 + matplotlib==3.10.8
 + mpmath==1.3.0
 + networkx==3.4.2
 + numpy==2.2.6
 + packaging==26.0
 + pandas==2.3.3
 + pillow==12.1.1
 + pyarrow==23.0.1
 + pyparsing==3.3.2
 + python-dateutil==2.9.0.post0
 + pytz==2026.1.post1
 + regex==2026.2.19
 + requests==2.32.5
 + rustbpe==0.1.0
 + six==1.17.0
 + sympy==1.14.0
 + tiktoken==0.12.0
 + torch==2.9.1
 + typing-extensions==4.15.0
 + tzdata==2025.3
 + urllib3==2.6.3
